error[E0425]: cannot find value `key` in this scope
 --> tests/compile_fail/attempt_at_unhygienic_access.rs:6:5
  |
6 |     key
  |     ^^^ not found in this scope
